// Jest Snapshot v1, https://goo.gl/fbAQLP

exports[`header should render correctly 1`] = `
<header>
  Header
</header>
`;
