// Jest Snapshot v1, https://goo.gl/fbAQLP

exports[`loader should render correctly 1`] = `
<div>
  Loading â€¦
</div>
`;
