// Vitest Snapshot v1, https://vitest.dev/guide/snapshot.html

exports[`header > should render correctly 1`] = `
<header>
  Header
</header>
`;
