// Jest Snapshot v1, https://goo.gl/fbAQLP

exports[`footer should render correctly 1`] = `
<footer>
  Footer
</footer>
`;
