// Vitest Snapshot v1, https://vitest.dev/guide/snapshot.html

exports[`loader > should render correctly 1`] = `
<div>
  Loading â€¦
</div>
`;
