// Jest Snapshot v1, https://goo.gl/fbAQLP

exports[`renders correctly 1`] = `
<div
  className="app"
>
  <h1>
    Hello, world
  </h1>
</div>
`;
